// Jest Snapshot v1, https://goo.gl/fbAQLP

exports[`leaves \`arrays\` untouched 1`] = `5`;

exports[`recursively removes \`null\` and \`undefined\` properties from payload object 1`] = `5`;
